Archive member included to satisfy reference by file (symbol)

c:/program files (x86)/microchip/xc32/v2.20/bin/bin/../../lib/gcc/pic32c/6.2.1/../../../../pic32c/lib/v7e-m/fpv4-sp/hard\libpic32c.a(data_init.o)
                              build/default/debug/_ext/1171490990/startup_xc32.o (__pic32c_data_initialization)
c:/program files (x86)/microchip/xc32/v2.20/bin/bin/../../lib/gcc/pic32c/6.2.1/../../../../pic32c/lib/v7e-m/fpv4-sp/hard\libg.a(lib_a-init.o)
                              build/default/debug/_ext/1171490990/startup_xc32.o (__libc_init_array)
c:/program files (x86)/microchip/xc32/v2.20/bin/bin/../../lib/gcc/pic32c/6.2.1/../../../../pic32c/lib/v7e-m/fpv4-sp/hard\libg.a(lib_a-memcpy-stub.o)
                              build/default/debug/_ext/1593096446/plib_nvmctrl.o (memcpy)

Allocating common symbols
Common symbol       size              file

TC0_CallbackObject  0x8               build/default/debug/_ext/829342655/plib_tc0.o

Microchip PIC32 Memory-Usage Report

ROM Program-Memory Usage
section                    address  length [bytes]      (dec)  Description
-------                 ----------  -------------------------  -----------
.vectors                         0          0x264         612   
.text                        0x264           0x20          32  App's exec code 
.text.SERCOM7_I2C_Inter      0x284          0x198         408   
.text.main                   0x41c          0x180         384   
.text.CLOCK_Initialize       0x59c          0x17c         380   
.text.Reset_Handler          0x718           0x98         152   
.text.__pic32c_data_ini      0x7b0           0x80         128   
.text.SERCOM7_I2C_Initi      0x830           0x74         116   
.dinit                       0x8a4           0x70         112   
.text.NVIC_Initialize        0x914           0x58          88   
.text.SERCOM7_I2C_Initi      0x96c           0x4c          76   
.text.__libc_init_array      0x9b8           0x48          72   
.text.TC0_TimerInitiali      0xa00           0x44          68   
.text                        0xa44           0x40          64  App's exec code 
.text.PORT_Initialize        0xa84           0x30          48   
.text.SERCOM7_I2C_Write      0xab4           0x2c          44   
.text.SERCOM7_I2C_Write      0xae0           0x2c          44   
.text.TC0_TimerInterrup      0xb0c           0x2c          44   
.text.TC0_CH0_TimerInte      0xb38           0x28          40   
.text.SYS_Initialize         0xb60           0x20          32   
.text.APP_I2CCallback        0xb80           0x1a          26   
.text.EVSYS_Initialize       0xb9a            0x2           2   
.text.TC0_TimerStart         0xb9c           0x18          24   
.text.NVMCTRL_Initializ      0xbb4           0x10          16   
.text.SERCOM7_I2C_Callb      0xbc4            0xc          12   
.text.SERCOM7_I2C_Error      0xbd0            0xc          12   
.text.TC0_TimerCallback      0xbdc            0xc          12   
.text.Dummy_Handler          0xbe8            0x4           4   
.text.NonMaskableInt_Ha      0xbec            0x4           4   
.text.HardFault_Handler      0xbf0            0x4           4   
.text.DebugMonitor_Hand      0xbf4            0x4           4   
.text.MemoryManagement_      0xbf8            0x4           4   
.text.BusFault_Handler       0xbfc            0x4           4   
.text.UsageFault_Handle      0xc00            0x4           4   
      Total ROM used  :       0xc04        3076  0.3% of 0x100000
        --------------------------------------------------------------------------
         Total Program Memory used  :       0xc04        3076  0.3% of 0x100000
        --------------------------------------------------------------------------


RAM Data-Memory Usage
section                    address  length [bytes]      (dec)  Description
-------                 ----------  -------------------------  -----------
.bss                    0x20000000            0x8           8  Uninitialized data 
.bss.sercom7I2CObj      0x20000008           0x28          40   
.bss                    0x20000030           0x1c          28  Uninitialized data 
.data.testTxData        0x2000004c            0x6           6   
.bss.bToggleLED         0x20000052            0x1           1   
.bss.testRxData         0x20000054            0x4           4   
.bss.tmr_cnt            0x20000058            0x4           4   
         Total RAM used  :        0x5b          91  0.0% of 0x40000
        --------------------------------------------------------------------------
            Total Data Memory used  :        0x5b          91  0.0% of 0x40000
        --------------------------------------------------------------------------


Dynamic Data-Memory Reservation
section                    address  length [bytes]      (dec)  Description
-------                 ----------  -------------------------  -----------
heap                    0x20000060          0x200         512  Reserved for heap 
stack                   0x20000278        0x3fd78      261496  Reserved for stack 

        --------------------------------------------------------------------------

Discarded input sections

 .text          0x00000000        0x0 c:/program files (x86)/microchip/xc32/v2.20/bin/bin/../../lib/gcc/pic32c/6.2.1/v7e-m/fpv4-sp/hard/crti.o
 .data          0x00000000        0x0 c:/program files (x86)/microchip/xc32/v2.20/bin/bin/../../lib/gcc/pic32c/6.2.1/v7e-m/fpv4-sp/hard/crti.o
 .bss           0x00000000        0x0 c:/program files (x86)/microchip/xc32/v2.20/bin/bin/../../lib/gcc/pic32c/6.2.1/v7e-m/fpv4-sp/hard/crti.o
 .data          0x00000000        0x4 c:/program files (x86)/microchip/xc32/v2.20/bin/bin/../../lib/gcc/pic32c/6.2.1/v7e-m/fpv4-sp/hard/crtbegin.o
 .text          0x00000000        0x0 build/default/debug/_ext/1593096446/plib_nvmctrl.o
 .data          0x00000000        0x0 build/default/debug/_ext/1593096446/plib_nvmctrl.o
 .bss           0x00000000        0x0 build/default/debug/_ext/1593096446/plib_nvmctrl.o
 .text.NVMCTRL_Read
                0x00000000       0x10 build/default/debug/_ext/1593096446/plib_nvmctrl.o
 .text.NVMCTRL_SetWriteMode
                0x00000000       0x14 build/default/debug/_ext/1593096446/plib_nvmctrl.o
 .text.NVMCTRL_QuadWordWrite
                0x00000000       0x4c build/default/debug/_ext/1593096446/plib_nvmctrl.o
 .text.NVMCTRL_DoubleWordWrite
                0x00000000       0x40 build/default/debug/_ext/1593096446/plib_nvmctrl.o
 .text.NVMCTRL_PageWrite
                0x00000000       0x30 build/default/debug/_ext/1593096446/plib_nvmctrl.o
 .text.NVMCTRL_BlockErase
                0x00000000       0x1c build/default/debug/_ext/1593096446/plib_nvmctrl.o
 .text.NVMCTRL_ErrorGet
                0x00000000       0x1c build/default/debug/_ext/1593096446/plib_nvmctrl.o
 .text.NVMCTRL_StatusGet
                0x00000000        0xc build/default/debug/_ext/1593096446/plib_nvmctrl.o
 .text.NVMCTRL_IsBusy
                0x00000000       0x10 build/default/debug/_ext/1593096446/plib_nvmctrl.o
 .text.NVMCTRL_RegionLock
                0x00000000       0x10 build/default/debug/_ext/1593096446/plib_nvmctrl.o
 .text.NVMCTRL_RegionUnlock
                0x00000000       0x10 build/default/debug/_ext/1593096446/plib_nvmctrl.o
 .text.NVMCTRL_RegionLockStatusGet
                0x00000000        0xc build/default/debug/_ext/1593096446/plib_nvmctrl.o
 .text.NVMCTRL_SmartEEPROM_IsBusy
                0x00000000       0x10 build/default/debug/_ext/1593096446/plib_nvmctrl.o
 .text.NVMCTRL_SmartEEPROMStatusGet
                0x00000000        0xc build/default/debug/_ext/1593096446/plib_nvmctrl.o
 .text.NVMCTRL_SmartEEPROM_IsActiveSectorFull
                0x00000000       0x10 build/default/debug/_ext/1593096446/plib_nvmctrl.o
 .text.NVMCTRL_BankSwap
                0x00000000       0x10 build/default/debug/_ext/1593096446/plib_nvmctrl.o
 .text.NVMCTRL_SmartEEPROMSectorReallocate
                0x00000000       0x10 build/default/debug/_ext/1593096446/plib_nvmctrl.o
 .text.NVMCTRL_SmartEEPROMFlushPageBuffer
                0x00000000       0x18 build/default/debug/_ext/1593096446/plib_nvmctrl.o
 .bss.nvm_error
                0x00000000        0x2 build/default/debug/_ext/1593096446/plib_nvmctrl.o
 .text          0x00000000        0x0 build/default/debug/_ext/1986646378/plib_evsys.o
 .data          0x00000000        0x0 build/default/debug/_ext/1986646378/plib_evsys.o
 .bss           0x00000000        0x0 build/default/debug/_ext/1986646378/plib_evsys.o
 .text          0x00000000        0x0 build/default/debug/_ext/1955509679/plib_sercom7_i2c.o
 .data          0x00000000        0x0 build/default/debug/_ext/1955509679/plib_sercom7_i2c.o
 .bss           0x00000000        0x0 build/default/debug/_ext/1955509679/plib_sercom7_i2c.o
 .text.SERCOM7_I2C_Read
                0x00000000       0x2c build/default/debug/_ext/1955509679/plib_sercom7_i2c.o
 .text.SERCOM7_I2C_IsBusy
                0x00000000       0x14 build/default/debug/_ext/1955509679/plib_sercom7_i2c.o
 .text          0x00000000        0x0 build/default/debug/_ext/1360937237/main.o
 .data          0x00000000        0x0 build/default/debug/_ext/1360937237/main.o
 .bss           0x00000000        0x0 build/default/debug/_ext/1360937237/main.o
 .text          0x00000000        0x0 build/default/debug/_ext/1171490990/initialization.o
 .data          0x00000000        0x0 build/default/debug/_ext/1171490990/initialization.o
 .bss           0x00000000        0x0 build/default/debug/_ext/1171490990/initialization.o
 .text          0x00000000        0x0 build/default/debug/_ext/1171490990/interrupts.o
 .data          0x00000000        0x0 build/default/debug/_ext/1171490990/interrupts.o
 .bss           0x00000000        0x0 build/default/debug/_ext/1171490990/interrupts.o
 .text          0x00000000        0x0 build/default/debug/_ext/1171490990/exceptions.o
 .data          0x00000000        0x0 build/default/debug/_ext/1171490990/exceptions.o
 .bss           0x00000000        0x0 build/default/debug/_ext/1171490990/exceptions.o
 .text          0x00000000        0x0 build/default/debug/_ext/163028504/xc32_monitor.o
 .data          0x00000000        0x0 build/default/debug/_ext/163028504/xc32_monitor.o
 .bss           0x00000000        0x0 build/default/debug/_ext/163028504/xc32_monitor.o
 .text._mon_getc
                0x00000000        0x4 build/default/debug/_ext/163028504/xc32_monitor.o
 .text._mon_putc
                0x00000000        0x2 build/default/debug/_ext/163028504/xc32_monitor.o
 .debug_info    0x00000000      0x23a build/default/debug/_ext/163028504/xc32_monitor.o
 .debug_abbrev  0x00000000       0x75 build/default/debug/_ext/163028504/xc32_monitor.o
 .debug_loc     0x00000000       0x21 build/default/debug/_ext/163028504/xc32_monitor.o
 .debug_aranges
                0x00000000       0x28 build/default/debug/_ext/163028504/xc32_monitor.o
 .debug_ranges  0x00000000       0x18 build/default/debug/_ext/163028504/xc32_monitor.o
 .debug_line    0x00000000       0x6a build/default/debug/_ext/163028504/xc32_monitor.o
 .debug_str     0x00000000        0x0 build/default/debug/_ext/163028504/xc32_monitor.o
 .comment       0x00000000       0x3d build/default/debug/_ext/163028504/xc32_monitor.o
 .debug_frame   0x00000000       0x30 build/default/debug/_ext/163028504/xc32_monitor.o
 .ARM.attributes
                0x00000000       0x39 build/default/debug/_ext/163028504/xc32_monitor.o
 .text          0x00000000        0x0 build/default/debug/_ext/1865521619/plib_port.o
 .data          0x00000000        0x0 build/default/debug/_ext/1865521619/plib_port.o
 .bss           0x00000000        0x0 build/default/debug/_ext/1865521619/plib_port.o
 .text.PORT_GroupRead
                0x00000000        0x4 build/default/debug/_ext/1865521619/plib_port.o
 .text.PORT_GroupWrite
                0x00000000        0xc build/default/debug/_ext/1865521619/plib_port.o
 .text.PORT_GroupLatchRead
                0x00000000        0x4 build/default/debug/_ext/1865521619/plib_port.o
 .text.PORT_GroupSet
                0x00000000        0x4 build/default/debug/_ext/1865521619/plib_port.o
 .text.PORT_GroupClear
                0x00000000        0x4 build/default/debug/_ext/1865521619/plib_port.o
 .text.PORT_GroupToggle
                0x00000000        0x4 build/default/debug/_ext/1865521619/plib_port.o
 .text.PORT_GroupInputEnable
                0x00000000        0x4 build/default/debug/_ext/1865521619/plib_port.o
 .text.PORT_GroupOutputEnable
                0x00000000        0x4 build/default/debug/_ext/1865521619/plib_port.o
 .text          0x00000000        0x0 build/default/debug/_ext/1984496892/plib_clock.o
 .data          0x00000000        0x0 build/default/debug/_ext/1984496892/plib_clock.o
 .bss           0x00000000        0x0 build/default/debug/_ext/1984496892/plib_clock.o
 .text          0x00000000        0x0 build/default/debug/_ext/1865468468/plib_nvic.o
 .data          0x00000000        0x0 build/default/debug/_ext/1865468468/plib_nvic.o
 .bss           0x00000000        0x0 build/default/debug/_ext/1865468468/plib_nvic.o
 .text          0x00000000        0x0 build/default/debug/_ext/1865131932/plib_cmcc.o
 .data          0x00000000        0x0 build/default/debug/_ext/1865131932/plib_cmcc.o
 .bss           0x00000000        0x0 build/default/debug/_ext/1865131932/plib_cmcc.o
 .text.CMCC_Disable
                0x00000000       0x18 build/default/debug/_ext/1865131932/plib_cmcc.o
 .text.CMCC_EnableICache
                0x00000000       0x28 build/default/debug/_ext/1865131932/plib_cmcc.o
 .text.CMCC_DisableICache
                0x00000000       0x28 build/default/debug/_ext/1865131932/plib_cmcc.o
 .text.CMCC_EnableDCache
                0x00000000       0x28 build/default/debug/_ext/1865131932/plib_cmcc.o
 .text.CMCC_DisableDCache
                0x00000000       0x28 build/default/debug/_ext/1865131932/plib_cmcc.o
 .text.CMCC_InvalidateAll
                0x00000000       0x20 build/default/debug/_ext/1865131932/plib_cmcc.o
 .debug_info    0x00000000      0x527 build/default/debug/_ext/1865131932/plib_cmcc.o
 .debug_abbrev  0x00000000       0x93 build/default/debug/_ext/1865131932/plib_cmcc.o
 .debug_aranges
                0x00000000       0x48 build/default/debug/_ext/1865131932/plib_cmcc.o
 .debug_ranges  0x00000000       0x38 build/default/debug/_ext/1865131932/plib_cmcc.o
 .debug_line    0x00000000      0x1cf build/default/debug/_ext/1865131932/plib_cmcc.o
 .debug_str     0x00000000        0x0 build/default/debug/_ext/1865131932/plib_cmcc.o
 .comment       0x00000000       0x3d build/default/debug/_ext/1865131932/plib_cmcc.o
 .debug_frame   0x00000000       0x70 build/default/debug/_ext/1865131932/plib_cmcc.o
 .ARM.attributes
                0x00000000       0x39 build/default/debug/_ext/1865131932/plib_cmcc.o
 .text          0x00000000        0x0 build/default/debug/_ext/1171490990/startup_xc32.o
 .data          0x00000000        0x0 build/default/debug/_ext/1171490990/startup_xc32.o
 .bss           0x00000000        0x0 build/default/debug/_ext/1171490990/startup_xc32.o
 .text          0x00000000        0x0 build/default/debug/_ext/1171490990/libc_syscalls.o
 .data          0x00000000        0x0 build/default/debug/_ext/1171490990/libc_syscalls.o
 .bss           0x00000000        0x0 build/default/debug/_ext/1171490990/libc_syscalls.o
 .text._exit    0x00000000        0x2 build/default/debug/_ext/1171490990/libc_syscalls.o
 .debug_info    0x00000000      0xe53 build/default/debug/_ext/1171490990/libc_syscalls.o
 .debug_abbrev  0x00000000      0x1a8 build/default/debug/_ext/1171490990/libc_syscalls.o
 .debug_aranges
                0x00000000       0x20 build/default/debug/_ext/1171490990/libc_syscalls.o
 .debug_ranges  0x00000000       0x10 build/default/debug/_ext/1171490990/libc_syscalls.o
 .debug_line    0x00000000      0x1e7 build/default/debug/_ext/1171490990/libc_syscalls.o
 .debug_str     0x00000000        0xe build/default/debug/_ext/1171490990/libc_syscalls.o
 .comment       0x00000000       0x3d build/default/debug/_ext/1171490990/libc_syscalls.o
 .debug_frame   0x00000000       0x20 build/default/debug/_ext/1171490990/libc_syscalls.o
 .ARM.attributes
                0x00000000       0x39 build/default/debug/_ext/1171490990/libc_syscalls.o
 .text          0x00000000        0x0 build/default/debug/_ext/829342655/plib_tc0.o
 .data          0x00000000        0x0 build/default/debug/_ext/829342655/plib_tc0.o
 .bss           0x00000000        0x0 build/default/debug/_ext/829342655/plib_tc0.o
 .text.TC0_TimerStop
                0x00000000       0x18 build/default/debug/_ext/829342655/plib_tc0.o
 .text.TC0_TimerFrequencyGet
                0x00000000        0x8 build/default/debug/_ext/829342655/plib_tc0.o
 .text.TC0_Timer32bitCounterGet
                0x00000000       0x1c build/default/debug/_ext/829342655/plib_tc0.o
 .text.TC0_Timer32bitCounterSet
                0x00000000       0x14 build/default/debug/_ext/829342655/plib_tc0.o
 .text.TC0_Timer32bitPeriodSet
                0x00000000       0x14 build/default/debug/_ext/829342655/plib_tc0.o
 .text.TC0_Timer32bitPeriodGet
                0x00000000        0xc build/default/debug/_ext/829342655/plib_tc0.o
 .text          0x00000000        0x0 c:/program files (x86)/microchip/xc32/v2.20/bin/bin/../../lib/gcc/pic32c/6.2.1/../../../../pic32c/lib/v7e-m/fpv4-sp/hard\libpic32c.a(data_init.o)
 .data          0x00000000        0x0 c:/program files (x86)/microchip/xc32/v2.20/bin/bin/../../lib/gcc/pic32c/6.2.1/../../../../pic32c/lib/v7e-m/fpv4-sp/hard\libpic32c.a(data_init.o)
 .bss           0x00000000        0x0 c:/program files (x86)/microchip/xc32/v2.20/bin/bin/../../lib/gcc/pic32c/6.2.1/../../../../pic32c/lib/v7e-m/fpv4-sp/hard\libpic32c.a(data_init.o)
 .text          0x00000000        0x0 c:/program files (x86)/microchip/xc32/v2.20/bin/bin/../../lib/gcc/pic32c/6.2.1/../../../../pic32c/lib/v7e-m/fpv4-sp/hard\libg.a(lib_a-init.o)
 .data          0x00000000        0x0 c:/program files (x86)/microchip/xc32/v2.20/bin/bin/../../lib/gcc/pic32c/6.2.1/../../../../pic32c/lib/v7e-m/fpv4-sp/hard\libg.a(lib_a-init.o)
 .bss           0x00000000        0x0 c:/program files (x86)/microchip/xc32/v2.20/bin/bin/../../lib/gcc/pic32c/6.2.1/../../../../pic32c/lib/v7e-m/fpv4-sp/hard\libg.a(lib_a-init.o)
 .text          0x00000000        0x0 c:/program files (x86)/microchip/xc32/v2.20/bin/bin/../../lib/gcc/pic32c/6.2.1/../../../../pic32c/lib/v7e-m/fpv4-sp/hard\libg.a(lib_a-memcpy-stub.o)
 .data          0x00000000        0x0 c:/program files (x86)/microchip/xc32/v2.20/bin/bin/../../lib/gcc/pic32c/6.2.1/../../../../pic32c/lib/v7e-m/fpv4-sp/hard\libg.a(lib_a-memcpy-stub.o)
 .bss           0x00000000        0x0 c:/program files (x86)/microchip/xc32/v2.20/bin/bin/../../lib/gcc/pic32c/6.2.1/../../../../pic32c/lib/v7e-m/fpv4-sp/hard\libg.a(lib_a-memcpy-stub.o)
 .text.memcpy   0x00000000       0x16 c:/program files (x86)/microchip/xc32/v2.20/bin/bin/../../lib/gcc/pic32c/6.2.1/../../../../pic32c/lib/v7e-m/fpv4-sp/hard\libg.a(lib_a-memcpy-stub.o)
 .debug_info    0x00000000      0xe2e c:/program files (x86)/microchip/xc32/v2.20/bin/bin/../../lib/gcc/pic32c/6.2.1/../../../../pic32c/lib/v7e-m/fpv4-sp/hard\libg.a(lib_a-memcpy-stub.o)
 .debug_abbrev  0x00000000      0x1c1 c:/program files (x86)/microchip/xc32/v2.20/bin/bin/../../lib/gcc/pic32c/6.2.1/../../../../pic32c/lib/v7e-m/fpv4-sp/hard\libg.a(lib_a-memcpy-stub.o)
 .debug_loc     0x00000000       0xb2 c:/program files (x86)/microchip/xc32/v2.20/bin/bin/../../lib/gcc/pic32c/6.2.1/../../../../pic32c/lib/v7e-m/fpv4-sp/hard\libg.a(lib_a-memcpy-stub.o)
 .debug_aranges
                0x00000000       0x20 c:/program files (x86)/microchip/xc32/v2.20/bin/bin/../../lib/gcc/pic32c/6.2.1/../../../../pic32c/lib/v7e-m/fpv4-sp/hard\libg.a(lib_a-memcpy-stub.o)
 .debug_ranges  0x00000000       0x10 c:/program files (x86)/microchip/xc32/v2.20/bin/bin/../../lib/gcc/pic32c/6.2.1/../../../../pic32c/lib/v7e-m/fpv4-sp/hard\libg.a(lib_a-memcpy-stub.o)
 .debug_line    0x00000000      0x218 c:/program files (x86)/microchip/xc32/v2.20/bin/bin/../../lib/gcc/pic32c/6.2.1/../../../../pic32c/lib/v7e-m/fpv4-sp/hard\libg.a(lib_a-memcpy-stub.o)
 .debug_str     0x00000000        0xe c:/program files (x86)/microchip/xc32/v2.20/bin/bin/../../lib/gcc/pic32c/6.2.1/../../../../pic32c/lib/v7e-m/fpv4-sp/hard\libg.a(lib_a-memcpy-stub.o)
 .comment       0x00000000       0x3d c:/program files (x86)/microchip/xc32/v2.20/bin/bin/../../lib/gcc/pic32c/6.2.1/../../../../pic32c/lib/v7e-m/fpv4-sp/hard\libg.a(lib_a-memcpy-stub.o)
 .debug_frame   0x00000000       0x28 c:/program files (x86)/microchip/xc32/v2.20/bin/bin/../../lib/gcc/pic32c/6.2.1/../../../../pic32c/lib/v7e-m/fpv4-sp/hard\libg.a(lib_a-memcpy-stub.o)
 .ARM.attributes
                0x00000000       0x34 c:/program files (x86)/microchip/xc32/v2.20/bin/bin/../../lib/gcc/pic32c/6.2.1/../../../../pic32c/lib/v7e-m/fpv4-sp/hard\libg.a(lib_a-memcpy-stub.o)
 .text          0x00000000        0x0 c:/program files (x86)/microchip/xc32/v2.20/bin/bin/../../lib/gcc/pic32c/6.2.1/v7e-m/fpv4-sp/hard/crtend.o
 .data          0x00000000        0x0 c:/program files (x86)/microchip/xc32/v2.20/bin/bin/../../lib/gcc/pic32c/6.2.1/v7e-m/fpv4-sp/hard/crtend.o
 .bss           0x00000000        0x0 c:/program files (x86)/microchip/xc32/v2.20/bin/bin/../../lib/gcc/pic32c/6.2.1/v7e-m/fpv4-sp/hard/crtend.o
 .eh_frame      0x00000000        0x4 c:/program files (x86)/microchip/xc32/v2.20/bin/bin/../../lib/gcc/pic32c/6.2.1/v7e-m/fpv4-sp/hard/crtend.o
 .comment       0x00000000       0x3d c:/program files (x86)/microchip/xc32/v2.20/bin/bin/../../lib/gcc/pic32c/6.2.1/v7e-m/fpv4-sp/hard/crtend.o
 .ARM.attributes
                0x00000000       0x34 c:/program files (x86)/microchip/xc32/v2.20/bin/bin/../../lib/gcc/pic32c/6.2.1/v7e-m/fpv4-sp/hard/crtend.o
 .text          0x00000000        0x0 c:/program files (x86)/microchip/xc32/v2.20/bin/bin/../../lib/gcc/pic32c/6.2.1/v7e-m/fpv4-sp/hard/crtn.o
 .data          0x00000000        0x0 c:/program files (x86)/microchip/xc32/v2.20/bin/bin/../../lib/gcc/pic32c/6.2.1/v7e-m/fpv4-sp/hard/crtn.o
 .bss           0x00000000        0x0 c:/program files (x86)/microchip/xc32/v2.20/bin/bin/../../lib/gcc/pic32c/6.2.1/v7e-m/fpv4-sp/hard/crtn.o

Memory Configuration

Name             Origin             Length             Attributes
rom              0x00000000         0x00100000         xrl
ram              0x20000000         0x00040000         xw !r
tcm              0x03000000         0x00000000         xw
config_00804000  0x00804000         0x00000004
config_00804004  0x00804004         0x00000004
config_00804008  0x00804008         0x00000004

Linker script and memory map

LOAD c:/program files (x86)/microchip/xc32/v2.20/bin/bin/../../lib/gcc/pic32c/6.2.1/v7e-m/fpv4-sp/hard/crti.o
LOAD c:/program files (x86)/microchip/xc32/v2.20/bin/bin/../../lib/gcc/pic32c/6.2.1/v7e-m/fpv4-sp/hard/crtbegin.o
LOAD build/default/debug/_ext/1593096446/plib_nvmctrl.o
LOAD build/default/debug/_ext/1986646378/plib_evsys.o
LOAD build/default/debug/_ext/1955509679/plib_sercom7_i2c.o
LOAD build/default/debug/_ext/1360937237/main.o
LOAD build/default/debug/_ext/1171490990/initialization.o
LOAD build/default/debug/_ext/1171490990/interrupts.o
LOAD build/default/debug/_ext/1171490990/exceptions.o
LOAD build/default/debug/_ext/163028504/xc32_monitor.o
LOAD build/default/debug/_ext/1865521619/plib_port.o
LOAD build/default/debug/_ext/1984496892/plib_clock.o
LOAD build/default/debug/_ext/1865468468/plib_nvic.o
LOAD build/default/debug/_ext/1865131932/plib_cmcc.o
LOAD build/default/debug/_ext/1171490990/startup_xc32.o
LOAD build/default/debug/_ext/1171490990/libc_syscalls.o
LOAD build/default/debug/_ext/829342655/plib_tc0.o
                0x00000001                __MPLAB_BUILD = 0x1
                0x00000001                __ICD2RAM = 0x1
                0x00000001                __MPLAB_DEBUG = 0x1
                0x00000001                __DEBUG = 0x1
                0x00000200                _min_heap_size = 0x200
START GROUP
LOAD c:/program files (x86)/microchip/xc32/v2.20/bin/bin/../../lib/gcc/pic32c/6.2.1/../../../../pic32c/lib/v7e-m/fpv4-sp/hard\libpic32c.a
LOAD c:/program files (x86)/microchip/xc32/v2.20/bin/bin/../../lib/gcc/pic32c/6.2.1/v7e-m/fpv4-sp/hard\libgcc.a
LOAD c:/program files (x86)/microchip/xc32/v2.20/bin/bin/../../lib/gcc/pic32c/6.2.1/../../../../pic32c/lib/v7e-m/fpv4-sp/hard\libg.a
LOAD c:/program files (x86)/microchip/xc32/v2.20/bin/bin/../../lib/gcc/pic32c/6.2.1/../../../../pic32c/lib/v7e-m/fpv4-sp/hard\libc.a
LOAD c:/program files (x86)/microchip/xc32/v2.20/bin/bin/../../lib/gcc/pic32c/6.2.1/../../../../pic32c/lib/v7e-m/fpv4-sp/hard\libm.a
END GROUP
LOAD c:/program files (x86)/microchip/xc32/v2.20/bin/bin/../../lib/gcc/pic32c/6.2.1/v7e-m/fpv4-sp/hard/crtend.o
LOAD c:/program files (x86)/microchip/xc32/v2.20/bin/bin/../../lib/gcc/pic32c/6.2.1/v7e-m/fpv4-sp/hard/crtn.o
                0x00100000                __rom_end = (ORIGIN (rom) + LENGTH (rom))
                0x20040000                __ram_end = (ORIGIN (ram) + LENGTH (ram))

.config_00804000
                0x00804000        0x4
 *(.config_00804000)
 .config_00804000
                0x00804000        0x4 build/default/debug/_ext/1171490990/initialization.o

.config_00804004
                0x00804004        0x4
 *(.config_00804004)
 .config_00804004
                0x00804004        0x4 build/default/debug/_ext/1171490990/initialization.o

.config_00804008
                0x00804008        0x4
 *(.config_00804008)
 .config_00804008
                0x00804008        0x4 build/default/debug/_ext/1171490990/initialization.o

.vectors        0x00000000      0x264
                0x00000000                . = ALIGN (0x4)
                0x00000000                _sfixed = .
 *(.vectors .vectors.* .vectors_default .vectors_default.*)
 .vectors       0x00000000      0x264 build/default/debug/_ext/1171490990/interrupts.o
                0x00000000                exception_table
 *(.isr_vector)
 *(.reset*)
 *(.after_vectors)

.text           0x00000264       0x20
                0x00000264                . = ALIGN (0x4)
 *(.glue_7t)
 .glue_7t       0x00000264        0x0 linker stubs
 *(.glue_7)
 .glue_7        0x00000264        0x0 linker stubs
 *(.gnu.linkonce.r.*)
 *(.ARM.extab* .gnu.linkonce.armextab.*)
                0x00000264                . = ALIGN (0x4)
 *(.init)
 .init          0x00000264        0x4 c:/program files (x86)/microchip/xc32/v2.20/bin/bin/../../lib/gcc/pic32c/6.2.1/v7e-m/fpv4-sp/hard/crti.o
                0x00000264                _init
 .init          0x00000268        0x8 c:/program files (x86)/microchip/xc32/v2.20/bin/bin/../../lib/gcc/pic32c/6.2.1/v7e-m/fpv4-sp/hard/crtn.o
                0x00000270                . = ALIGN (0x4)
                0x00000270                __preinit_array_start = .
 *(.preinit_array)
                0x00000270                __preinit_array_end = .
                0x00000270                . = ALIGN (0x4)
                0x00000270                __init_array_start = .
 *(SORT(.init_array.*))
 *(.init_array)
 .init_array    0x00000270        0x4 c:/program files (x86)/microchip/xc32/v2.20/bin/bin/../../lib/gcc/pic32c/6.2.1/v7e-m/fpv4-sp/hard/crtbegin.o
                0x00000274                __init_array_end = .
                0x00000274                . = ALIGN (0x4)
 *crtbegin.o(.ctors)
 *(EXCLUDE_FILE(*crtend.o) .ctors)
 *(SORT(.ctors.*))
 *crtend.o(.ctors)
                0x00000274                . = ALIGN (0x4)
 *(.fini)
 .fini          0x00000274        0x4 c:/program files (x86)/microchip/xc32/v2.20/bin/bin/../../lib/gcc/pic32c/6.2.1/v7e-m/fpv4-sp/hard/crti.o
                0x00000274                _fini
 .fini          0x00000278        0x8 c:/program files (x86)/microchip/xc32/v2.20/bin/bin/../../lib/gcc/pic32c/6.2.1/v7e-m/fpv4-sp/hard/crtn.o
                0x00000280                . = ALIGN (0x4)
                0x00000280                __fini_array_start = .
 *(.fini_array)
 .fini_array    0x00000280        0x4 c:/program files (x86)/microchip/xc32/v2.20/bin/bin/../../lib/gcc/pic32c/6.2.1/v7e-m/fpv4-sp/hard/crtbegin.o
 *(SORT(.fini_array.*))
                0x00000284                __fini_array_end = .
 *crtbegin.o(.dtors)
 *(EXCLUDE_FILE(*crtend.o) .dtors)
 *(SORT(.dtors.*))
 *crtend.o(.dtors)
                0x00000284                . = ALIGN (0x4)
                0x00000284                _efixed = .
                [!provide]                PROVIDE (__exidx_start, .)

.ARM.exidx
 *(.ARM.exidx* .gnu.linkonce.armexidx.*)
                [!provide]                PROVIDE (__exidx_end, .)
                0x00000284                . = ALIGN (0x4)
                0x00000284                _etext = .

.bss            0x20000000        0x8
                0x20000000                . = ALIGN (0x4)
                0x20000000                __bss_start__ = .
                0x20000000                _sbss = .
                0x20000000                _szero = .
 *(COMMON)
 COMMON         0x20000000        0x8 build/default/debug/_ext/829342655/plib_tc0.o
                0x20000000                TC0_CallbackObject
                0x20000008                . = ALIGN (0x4)
                0x20000008                __bss_end__ = .
                0x20000008                _ebss = .
                0x20000008                _ezero = .
                0x20000008                . = ALIGN (0x4)
                0x20000008                _end = .
                0x2003ffff                _ram_end_ = ((ORIGIN (ram) + LENGTH (ram)) - 0x1)
OUTPUT(dist/default/debug/dPll200M_MHCv3.X.debug.elf elf32-littlearm)
LOAD stack
LOAD data_init

.ARM.attributes
                0x00000000       0x32
 .ARM.attributes
                0x00000000       0x22 c:/program files (x86)/microchip/xc32/v2.20/bin/bin/../../lib/gcc/pic32c/6.2.1/v7e-m/fpv4-sp/hard/crti.o
 .ARM.attributes
                0x00000022       0x34 c:/program files (x86)/microchip/xc32/v2.20/bin/bin/../../lib/gcc/pic32c/6.2.1/v7e-m/fpv4-sp/hard/crtbegin.o
 .ARM.attributes
                0x00000056       0x39 build/default/debug/_ext/1593096446/plib_nvmctrl.o
 .ARM.attributes
                0x0000008f       0x39 build/default/debug/_ext/1986646378/plib_evsys.o
 .ARM.attributes
                0x000000c8       0x39 build/default/debug/_ext/1955509679/plib_sercom7_i2c.o
 .ARM.attributes
                0x00000101       0x39 build/default/debug/_ext/1360937237/main.o
 .ARM.attributes
                0x0000013a       0x39 build/default/debug/_ext/1171490990/initialization.o
 .ARM.attributes
                0x00000173       0x39 build/default/debug/_ext/1171490990/interrupts.o
 .ARM.attributes
                0x000001ac       0x39 build/default/debug/_ext/1171490990/exceptions.o
 .ARM.attributes
                0x000001e5       0x39 build/default/debug/_ext/1865521619/plib_port.o
 .ARM.attributes
                0x0000021e       0x39 build/default/debug/_ext/1984496892/plib_clock.o
 .ARM.attributes
                0x00000257       0x39 build/default/debug/_ext/1865468468/plib_nvic.o
 .ARM.attributes
                0x00000290       0x39 build/default/debug/_ext/1171490990/startup_xc32.o
 .ARM.attributes
                0x000002c9       0x39 build/default/debug/_ext/829342655/plib_tc0.o
 .ARM.attributes
                0x00000302       0x34 c:/program files (x86)/microchip/xc32/v2.20/bin/bin/../../lib/gcc/pic32c/6.2.1/../../../../pic32c/lib/v7e-m/fpv4-sp/hard\libpic32c.a(data_init.o)
 .ARM.attributes
                0x00000336       0x34 c:/program files (x86)/microchip/xc32/v2.20/bin/bin/../../lib/gcc/pic32c/6.2.1/../../../../pic32c/lib/v7e-m/fpv4-sp/hard\libg.a(lib_a-init.o)
 .ARM.attributes
                0x0000036a       0x22 c:/program files (x86)/microchip/xc32/v2.20/bin/bin/../../lib/gcc/pic32c/6.2.1/v7e-m/fpv4-sp/hard/crtn.o

.comment        0x00000000       0x3c
 .comment       0x00000000       0x3c c:/program files (x86)/microchip/xc32/v2.20/bin/bin/../../lib/gcc/pic32c/6.2.1/v7e-m/fpv4-sp/hard/crtbegin.o
                                 0x3d (size before relaxing)
 .comment       0x0000003c       0x3d build/default/debug/_ext/1593096446/plib_nvmctrl.o
 .comment       0x0000003c       0x3d build/default/debug/_ext/1986646378/plib_evsys.o
 .comment       0x0000003c       0x3d build/default/debug/_ext/1955509679/plib_sercom7_i2c.o
 .comment       0x0000003c       0x3d build/default/debug/_ext/1360937237/main.o
 .comment       0x0000003c       0x3d build/default/debug/_ext/1171490990/initialization.o
 .comment       0x0000003c       0x3d build/default/debug/_ext/1171490990/interrupts.o
 .comment       0x0000003c       0x3d build/default/debug/_ext/1171490990/exceptions.o
 .comment       0x0000003c       0x3d build/default/debug/_ext/1865521619/plib_port.o
 .comment       0x0000003c       0x3d build/default/debug/_ext/1984496892/plib_clock.o
 .comment       0x0000003c       0x3d build/default/debug/_ext/1865468468/plib_nvic.o
 .comment       0x0000003c       0x3d build/default/debug/_ext/1171490990/startup_xc32.o
 .comment       0x0000003c       0x3d build/default/debug/_ext/829342655/plib_tc0.o
 .comment       0x0000003c       0x3d c:/program files (x86)/microchip/xc32/v2.20/bin/bin/../../lib/gcc/pic32c/6.2.1/../../../../pic32c/lib/v7e-m/fpv4-sp/hard\libpic32c.a(data_init.o)
 .comment       0x0000003c       0x3d c:/program files (x86)/microchip/xc32/v2.20/bin/bin/../../lib/gcc/pic32c/6.2.1/../../../../pic32c/lib/v7e-m/fpv4-sp/hard\libg.a(lib_a-init.o)

.debug_info     0x00000000     0xa115
 .debug_info    0x00000000     0x16b2 build/default/debug/_ext/1593096446/plib_nvmctrl.o
 .debug_info    0x000016b2      0x2f8 build/default/debug/_ext/1986646378/plib_evsys.o
 .debug_info    0x000019aa     0x1320 build/default/debug/_ext/1955509679/plib_sercom7_i2c.o
 .debug_info    0x00002cca     0x1614 build/default/debug/_ext/1360937237/main.o
 .debug_info    0x000042de      0x39c build/default/debug/_ext/1171490990/initialization.o
 .debug_info    0x0000467a     0x166f build/default/debug/_ext/1171490990/interrupts.o
 .debug_info    0x00005ce9      0x3a6 build/default/debug/_ext/1171490990/exceptions.o
 .debug_info    0x0000608f      0x7c1 build/default/debug/_ext/1865521619/plib_port.o
 .debug_info    0x00006850      0xb63 build/default/debug/_ext/1984496892/plib_clock.o
 .debug_info    0x000073b3     0x12ad build/default/debug/_ext/1865468468/plib_nvic.o
 .debug_info    0x00008660      0x842 build/default/debug/_ext/1171490990/startup_xc32.o
 .debug_info    0x00008ea2      0xbb7 build/default/debug/_ext/829342655/plib_tc0.o
 .debug_info    0x00009a59      0x2a2 c:/program files (x86)/microchip/xc32/v2.20/bin/bin/../../lib/gcc/pic32c/6.2.1/../../../../pic32c/lib/v7e-m/fpv4-sp/hard\libpic32c.a(data_init.o)
 .debug_info    0x00009cfb      0x41a c:/program files (x86)/microchip/xc32/v2.20/bin/bin/../../lib/gcc/pic32c/6.2.1/../../../../pic32c/lib/v7e-m/fpv4-sp/hard\libg.a(lib_a-init.o)

.debug_abbrev   0x00000000     0x11f9
 .debug_abbrev  0x00000000      0x2a2 build/default/debug/_ext/1593096446/plib_nvmctrl.o
 .debug_abbrev  0x000002a2       0x5e build/default/debug/_ext/1986646378/plib_evsys.o
 .debug_abbrev  0x00000300      0x257 build/default/debug/_ext/1955509679/plib_sercom7_i2c.o
 .debug_abbrev  0x00000557      0x2ba build/default/debug/_ext/1360937237/main.o
 .debug_abbrev  0x00000811       0xa5 build/default/debug/_ext/1171490990/initialization.o
 .debug_abbrev  0x000008b6       0xc8 build/default/debug/_ext/1171490990/interrupts.o
 .debug_abbrev  0x0000097e       0x5e build/default/debug/_ext/1171490990/exceptions.o
 .debug_abbrev  0x000009dc      0x160 build/default/debug/_ext/1865521619/plib_port.o
 .debug_abbrev  0x00000b3c      0x114 build/default/debug/_ext/1984496892/plib_clock.o
 .debug_abbrev  0x00000c50      0x186 build/default/debug/_ext/1865468468/plib_nvic.o
 .debug_abbrev  0x00000dd6      0x193 build/default/debug/_ext/1171490990/startup_xc32.o
 .debug_abbrev  0x00000f69      0x1c3 build/default/debug/_ext/829342655/plib_tc0.o
 .debug_abbrev  0x0000112c       0x2a c:/program files (x86)/microchip/xc32/v2.20/bin/bin/../../lib/gcc/pic32c/6.2.1/../../../../pic32c/lib/v7e-m/fpv4-sp/hard\libpic32c.a(data_init.o)
 .debug_abbrev  0x00001156       0xa3 c:/program files (x86)/microchip/xc32/v2.20/bin/bin/../../lib/gcc/pic32c/6.2.1/../../../../pic32c/lib/v7e-m/fpv4-sp/hard\libg.a(lib_a-init.o)

.debug_loc      0x00000000      0xb58
 .debug_loc     0x00000000      0x419 build/default/debug/_ext/1593096446/plib_nvmctrl.o
 .debug_loc     0x00000419      0x317 build/default/debug/_ext/1955509679/plib_sercom7_i2c.o
 .debug_loc     0x00000730      0x145 build/default/debug/_ext/1360937237/main.o
 .debug_loc     0x00000875       0x41 build/default/debug/_ext/1171490990/initialization.o
 .debug_loc     0x000008b6       0x63 build/default/debug/_ext/1865521619/plib_port.o
 .debug_loc     0x00000919      0x173 build/default/debug/_ext/1865468468/plib_nvic.o
 .debug_loc     0x00000a8c       0x20 build/default/debug/_ext/1171490990/startup_xc32.o
 .debug_loc     0x00000aac       0x38 build/default/debug/_ext/829342655/plib_tc0.o
 .debug_loc     0x00000ae4       0x74 c:/program files (x86)/microchip/xc32/v2.20/bin/bin/../../lib/gcc/pic32c/6.2.1/../../../../pic32c/lib/v7e-m/fpv4-sp/hard\libg.a(lib_a-init.o)

.debug_aranges  0x00000000      0x350
 .debug_aranges
                0x00000000       0xb0 build/default/debug/_ext/1593096446/plib_nvmctrl.o
 .debug_aranges
                0x000000b0       0x20 build/default/debug/_ext/1986646378/plib_evsys.o
 .debug_aranges
                0x000000d0       0x60 build/default/debug/_ext/1955509679/plib_sercom7_i2c.o
 .debug_aranges
                0x00000130       0x30 build/default/debug/_ext/1360937237/main.o
 .debug_aranges
                0x00000160       0x20 build/default/debug/_ext/1171490990/initialization.o
 .debug_aranges
                0x00000180       0x20 build/default/debug/_ext/1171490990/interrupts.o
 .debug_aranges
                0x000001a0       0x48 build/default/debug/_ext/1171490990/exceptions.o
 .debug_aranges
                0x000001e8       0x60 build/default/debug/_ext/1865521619/plib_port.o
 .debug_aranges
                0x00000248       0x20 build/default/debug/_ext/1984496892/plib_clock.o
 .debug_aranges
                0x00000268       0x20 build/default/debug/_ext/1865468468/plib_nvic.o
 .debug_aranges
                0x00000288       0x20 build/default/debug/_ext/1171490990/startup_xc32.o
 .debug_aranges
                0x000002a8       0x68 build/default/debug/_ext/829342655/plib_tc0.o
 .debug_aranges
                0x00000310       0x20 c:/program files (x86)/microchip/xc32/v2.20/bin/bin/../../lib/gcc/pic32c/6.2.1/../../../../pic32c/lib/v7e-m/fpv4-sp/hard\libpic32c.a(data_init.o)
 .debug_aranges
                0x00000330       0x20 c:/program files (x86)/microchip/xc32/v2.20/bin/bin/../../lib/gcc/pic32c/6.2.1/../../../../pic32c/lib/v7e-m/fpv4-sp/hard\libg.a(lib_a-init.o)

.debug_ranges   0x00000000      0x270
 .debug_ranges  0x00000000       0xa0 build/default/debug/_ext/1593096446/plib_nvmctrl.o
 .debug_ranges  0x000000a0       0x10 build/default/debug/_ext/1986646378/plib_evsys.o
 .debug_ranges  0x000000b0       0x50 build/default/debug/_ext/1955509679/plib_sercom7_i2c.o
 .debug_ranges  0x00000100       0x20 build/default/debug/_ext/1360937237/main.o
 .debug_ranges  0x00000120       0x10 build/default/debug/_ext/1171490990/initialization.o
 .debug_ranges  0x00000130       0x10 build/default/debug/_ext/1171490990/interrupts.o
 .debug_ranges  0x00000140       0x38 build/default/debug/_ext/1171490990/exceptions.o
 .debug_ranges  0x00000178       0x50 build/default/debug/_ext/1865521619/plib_port.o
 .debug_ranges  0x000001c8       0x10 build/default/debug/_ext/1984496892/plib_clock.o
 .debug_ranges  0x000001d8       0x10 build/default/debug/_ext/1865468468/plib_nvic.o
 .debug_ranges  0x000001e8       0x10 build/default/debug/_ext/1171490990/startup_xc32.o
 .debug_ranges  0x000001f8       0x58 build/default/debug/_ext/829342655/plib_tc0.o
 .debug_ranges  0x00000250       0x10 c:/program files (x86)/microchip/xc32/v2.20/bin/bin/../../lib/gcc/pic32c/6.2.1/../../../../pic32c/lib/v7e-m/fpv4-sp/hard\libpic32c.a(data_init.o)
 .debug_ranges  0x00000260       0x10 c:/program files (x86)/microchip/xc32/v2.20/bin/bin/../../lib/gcc/pic32c/6.2.1/../../../../pic32c/lib/v7e-m/fpv4-sp/hard\libg.a(lib_a-init.o)

.debug_line     0x00000000     0x1c42
 .debug_line    0x00000000      0x35c build/default/debug/_ext/1593096446/plib_nvmctrl.o
 .debug_line    0x0000035c      0x13a build/default/debug/_ext/1986646378/plib_evsys.o
 .debug_line    0x00000496      0x31b build/default/debug/_ext/1955509679/plib_sercom7_i2c.o
 .debug_line    0x000007b1      0x340 build/default/debug/_ext/1360937237/main.o
 .debug_line    0x00000af1      0x2bd build/default/debug/_ext/1171490990/initialization.o
 .debug_line    0x00000dae      0x15a build/default/debug/_ext/1171490990/interrupts.o
 .debug_line    0x00000f08      0x17f build/default/debug/_ext/1171490990/exceptions.o
 .debug_line    0x00001087      0x20b build/default/debug/_ext/1865521619/plib_port.o
 .debug_line    0x00001292      0x1d6 build/default/debug/_ext/1984496892/plib_clock.o
 .debug_line    0x00001468      0x1b4 build/default/debug/_ext/1865468468/plib_nvic.o
 .debug_line    0x0000161c      0x1f4 build/default/debug/_ext/1171490990/startup_xc32.o
 .debug_line    0x00001810      0x23d build/default/debug/_ext/829342655/plib_tc0.o
 .debug_line    0x00001a4d       0xd8 c:/program files (x86)/microchip/xc32/v2.20/bin/bin/../../lib/gcc/pic32c/6.2.1/../../../../pic32c/lib/v7e-m/fpv4-sp/hard\libpic32c.a(data_init.o)
 .debug_line    0x00001b25      0x11d c:/program files (x86)/microchip/xc32/v2.20/bin/bin/../../lib/gcc/pic32c/6.2.1/../../../../pic32c/lib/v7e-m/fpv4-sp/hard\libg.a(lib_a-init.o)

.debug_str      0x00000000      0x3d9
 .debug_str     0x00000000       0x29 build/default/debug/_ext/1593096446/plib_nvmctrl.o
 .debug_str     0x00000029        0x0 build/default/debug/_ext/1986646378/plib_evsys.o
 .debug_str     0x00000029      0x128 build/default/debug/_ext/1955509679/plib_sercom7_i2c.o
 .debug_str     0x00000151       0xaf build/default/debug/_ext/1360937237/main.o
 .debug_str     0x00000200       0x80 build/default/debug/_ext/1171490990/initialization.o
 .debug_str     0x00000280        0x0 build/default/debug/_ext/1171490990/interrupts.o
 .debug_str     0x00000280        0x0 build/default/debug/_ext/1171490990/exceptions.o
 .debug_str     0x00000280        0xb build/default/debug/_ext/1865521619/plib_port.o
 .debug_str     0x0000028b       0x1e build/default/debug/_ext/1984496892/plib_clock.o
 .debug_str     0x000002a9        0xa build/default/debug/_ext/1865468468/plib_nvic.o
 .debug_str     0x000002b3       0x6b build/default/debug/_ext/1171490990/startup_xc32.o
 .debug_str     0x0000031e       0xbb build/default/debug/_ext/829342655/plib_tc0.o
 .debug_str     0x000003d9        0x0 c:/program files (x86)/microchip/xc32/v2.20/bin/bin/../../lib/gcc/pic32c/6.2.1/../../../../pic32c/lib/v7e-m/fpv4-sp/hard\libpic32c.a(data_init.o)
 .debug_str     0x000003d9        0x0 c:/program files (x86)/microchip/xc32/v2.20/bin/bin/../../lib/gcc/pic32c/6.2.1/../../../../pic32c/lib/v7e-m/fpv4-sp/hard\libg.a(lib_a-init.o)

.debug_frame    0x00000000      0x568
 .debug_frame   0x00000000      0x160 build/default/debug/_ext/1593096446/plib_nvmctrl.o
 .debug_frame   0x00000160       0x20 build/default/debug/_ext/1986646378/plib_evsys.o
 .debug_frame   0x00000180       0xc0 build/default/debug/_ext/1955509679/plib_sercom7_i2c.o
 .debug_frame   0x00000240       0x58 build/default/debug/_ext/1360937237/main.o
 .debug_frame   0x00000298       0x28 build/default/debug/_ext/1171490990/initialization.o
 .debug_frame   0x000002c0       0x20 build/default/debug/_ext/1171490990/interrupts.o
 .debug_frame   0x000002e0       0x70 build/default/debug/_ext/1171490990/exceptions.o
 .debug_frame   0x00000350       0xa0 build/default/debug/_ext/1865521619/plib_port.o
 .debug_frame   0x000003f0       0x20 build/default/debug/_ext/1984496892/plib_clock.o
 .debug_frame   0x00000410       0x20 build/default/debug/_ext/1865468468/plib_nvic.o
 .debug_frame   0x00000430       0x28 build/default/debug/_ext/1171490990/startup_xc32.o
 .debug_frame   0x00000458       0xb8 build/default/debug/_ext/829342655/plib_tc0.o
 .debug_frame   0x00000510       0x2c c:/program files (x86)/microchip/xc32/v2.20/bin/bin/../../lib/gcc/pic32c/6.2.1/../../../../pic32c/lib/v7e-m/fpv4-sp/hard\libpic32c.a(data_init.o)
 .debug_frame   0x0000053c       0x2c c:/program files (x86)/microchip/xc32/v2.20/bin/bin/../../lib/gcc/pic32c/6.2.1/../../../../pic32c/lib/v7e-m/fpv4-sp/hard\libg.a(lib_a-init.o)

.stack          0x20000278      0x100
 .stack         0x20000278      0x100 stack

.bss.sercom7I2CObj%1
                0x20000008       0x28
 .bss.sercom7I2CObj
                0x20000008       0x28 build/default/debug/_ext/1955509679/plib_sercom7_i2c.o

.bss%2          0x20000030       0x1c
 .bss           0x20000030       0x1c c:/program files (x86)/microchip/xc32/v2.20/bin/bin/../../lib/gcc/pic32c/6.2.1/v7e-m/fpv4-sp/hard/crtbegin.o

.data.testTxData%3
                0x2000004c        0x6
 .data.testTxData
                0x2000004c        0x6 build/default/debug/_ext/1360937237/main.o

.bss.testRxData%4
                0x20000054        0x4
 .bss.testRxData
                0x20000054        0x4 build/default/debug/_ext/1360937237/main.o

.bss.tmr_cnt%5  0x20000058        0x4
 .bss.tmr_cnt   0x20000058        0x4 build/default/debug/_ext/1360937237/main.o
                0x20000058                tmr_cnt

.bss.bToggleLED%6
                0x20000052        0x1
 .bss.bToggleLED
                0x20000052        0x1 build/default/debug/_ext/1360937237/main.o

.eh_frame%z1    0x00000000        0x0
 .eh_frame      0x00000000        0x0 c:/program files (x86)/microchip/xc32/v2.20/bin/bin/../../lib/gcc/pic32c/6.2.1/v7e-m/fpv4-sp/hard/crtbegin.o

.text.SERCOM7_I2C_InterruptHandler%7
                0x00000284      0x198
 .text.SERCOM7_I2C_InterruptHandler
                0x00000284      0x198 build/default/debug/_ext/1955509679/plib_sercom7_i2c.o
                0x00000284                SERCOM7_I2C_InterruptHandler

.text.main%8    0x0000041c      0x180
 .text.main     0x0000041c      0x180 build/default/debug/_ext/1360937237/main.o
                0x0000041c                main

.text.CLOCK_Initialize%9
                0x0000059c      0x17c
 .text.CLOCK_Initialize
                0x0000059c      0x17c build/default/debug/_ext/1984496892/plib_clock.o
                0x0000059c                CLOCK_Initialize

.text.Reset_Handler%10
                0x00000718       0x98
 .text.Reset_Handler
                0x00000718       0x98 build/default/debug/_ext/1171490990/startup_xc32.o
                0x00000718                Reset_Handler

.text.__pic32c_data_initialization%11
                0x000007b0       0x80
 .text.__pic32c_data_initialization
                0x000007b0       0x80 c:/program files (x86)/microchip/xc32/v2.20/bin/bin/../../lib/gcc/pic32c/6.2.1/../../../../pic32c/lib/v7e-m/fpv4-sp/hard\libpic32c.a(data_init.o)
                0x000007b0                __pic32c_data_initialization

.text.SERCOM7_I2C_InitiateTransfer%12
                0x00000830       0x74
 .text.SERCOM7_I2C_InitiateTransfer
                0x00000830       0x74 build/default/debug/_ext/1955509679/plib_sercom7_i2c.o

.dinit%13       0x000008a4       0x70
 .dinit         0x000008a4       0x70 data_init

.text.NVIC_Initialize%14
                0x00000914       0x58
 .text.NVIC_Initialize
                0x00000914       0x58 build/default/debug/_ext/1865468468/plib_nvic.o
                0x00000914                NVIC_Initialize

.text.SERCOM7_I2C_Initialize%15
                0x0000096c       0x4c
 .text.SERCOM7_I2C_Initialize
                0x0000096c       0x4c build/default/debug/_ext/1955509679/plib_sercom7_i2c.o
                0x0000096c                SERCOM7_I2C_Initialize

.text.__libc_init_array%16
                0x000009b8       0x48
 .text.__libc_init_array
                0x000009b8       0x48 c:/program files (x86)/microchip/xc32/v2.20/bin/bin/../../lib/gcc/pic32c/6.2.1/../../../../pic32c/lib/v7e-m/fpv4-sp/hard\libg.a(lib_a-init.o)
                0x000009b8                __libc_init_array

.text.TC0_TimerInitialize%17
                0x00000a00       0x44
 .text.TC0_TimerInitialize
                0x00000a00       0x44 build/default/debug/_ext/829342655/plib_tc0.o
                0x00000a00                TC0_TimerInitialize

.text%18        0x00000a44       0x40
 .text          0x00000a44       0x40 c:/program files (x86)/microchip/xc32/v2.20/bin/bin/../../lib/gcc/pic32c/6.2.1/v7e-m/fpv4-sp/hard/crtbegin.o

.text.PORT_Initialize%19
                0x00000a84       0x30
 .text.PORT_Initialize
                0x00000a84       0x30 build/default/debug/_ext/1865521619/plib_port.o
                0x00000a84                PORT_Initialize

.text.SERCOM7_I2C_Write%20
                0x00000ab4       0x2c
 .text.SERCOM7_I2C_Write
                0x00000ab4       0x2c build/default/debug/_ext/1955509679/plib_sercom7_i2c.o
                0x00000ab4                SERCOM7_I2C_Write

.text.SERCOM7_I2C_WriteRead%21
                0x00000ae0       0x2c
 .text.SERCOM7_I2C_WriteRead
                0x00000ae0       0x2c build/default/debug/_ext/1955509679/plib_sercom7_i2c.o
                0x00000ae0                SERCOM7_I2C_WriteRead

.text.TC0_TimerInterruptHandler%22
                0x00000b0c       0x2c
 .text.TC0_TimerInterruptHandler
                0x00000b0c       0x2c build/default/debug/_ext/829342655/plib_tc0.o
                0x00000b0c                TC0_TimerInterruptHandler

.text.TC0_CH0_TimerInterruptHandler%23
                0x00000b38       0x28
 .text.TC0_CH0_TimerInterruptHandler
                0x00000b38       0x28 build/default/debug/_ext/1360937237/main.o
                0x00000b38                TC0_CH0_TimerInterruptHandler

.text.SYS_Initialize%24
                0x00000b60       0x20
 .text.SYS_Initialize
                0x00000b60       0x20 build/default/debug/_ext/1171490990/initialization.o
                0x00000b60                SYS_Initialize

.text.APP_I2CCallback%25
                0x00000b80       0x1a
 .text.APP_I2CCallback
                0x00000b80       0x1a build/default/debug/_ext/1360937237/main.o
                0x00000b80                APP_I2CCallback

.text.TC0_TimerStart%26
                0x00000b9c       0x18
 .text.TC0_TimerStart
                0x00000b9c       0x18 build/default/debug/_ext/829342655/plib_tc0.o
                0x00000b9c                TC0_TimerStart

.text.NVMCTRL_Initialize%27
                0x00000bb4       0x10
 .text.NVMCTRL_Initialize
                0x00000bb4       0x10 build/default/debug/_ext/1593096446/plib_nvmctrl.o
                0x00000bb4                NVMCTRL_Initialize

.text.SERCOM7_I2C_CallbackRegister%28
                0x00000bc4        0xc
 .text.SERCOM7_I2C_CallbackRegister
                0x00000bc4        0xc build/default/debug/_ext/1955509679/plib_sercom7_i2c.o
                0x00000bc4                SERCOM7_I2C_CallbackRegister

.text.SERCOM7_I2C_ErrorGet%29
                0x00000bd0        0xc
 .text.SERCOM7_I2C_ErrorGet
                0x00000bd0        0xc build/default/debug/_ext/1955509679/plib_sercom7_i2c.o
                0x00000bd0                SERCOM7_I2C_ErrorGet

.text.TC0_TimerCallbackRegister%30
                0x00000bdc        0xc
 .text.TC0_TimerCallbackRegister
                0x00000bdc        0xc build/default/debug/_ext/829342655/plib_tc0.o
                0x00000bdc                TC0_TimerCallbackRegister

.text.Dummy_Handler%31
                0x00000be8        0x4
 .text.Dummy_Handler
                0x00000be8        0x4 build/default/debug/_ext/1171490990/interrupts.o
                0x00000be8                EIC_EXTINT_9_Handler
                0x00000be8                TCC0_MC5_Handler
                0x00000be8                SVCall_Handler
                0x00000be8                SERCOM0_2_Handler
                0x00000be8                USB_SOF_HSOF_Handler
                0x00000be8                TCC4_OTHER_Handler
                0x00000be8                TCC2_MC2_Handler
                0x00000be8                EVSYS_0_Handler
                0x00000be8                TRNG_Handler
                0x00000be8                TC2_Handler
                0x00000be8                USB_TRCPT0_Handler
                0x00000be8                DAC_OTHER_Handler
                0x00000be8                AC_Handler
                0x00000be8                DAC_EMPTY_0_Handler
                0x00000be8                DMAC_OTHER_Handler
                0x00000be8                EIC_EXTINT_5_Handler
                0x00000be8                SERCOM3_1_Handler
                0x00000be8                SysTick_Handler
                0x00000be8                SERCOM4_OTHER_Handler
                0x00000be8                SERCOM3_2_Handler
                0x00000be8                EIC_EXTINT_6_Handler
                0x00000be8                PendSV_Handler
                0x00000be8                TC7_Handler
                0x00000be8                TCC4_MC0_Handler
                0x00000be8                EVSYS_3_Handler
                0x00000be8                QSPI_Handler
                0x00000be8                TCC2_MC0_Handler
                0x00000be8                PDEC_OTHER_Handler
                0x00000be8                TCC3_MC0_Handler
                0x00000be8                PDEC_MC1_Handler
                0x00000be8                TCC2_MC1_Handler
                0x00000be8                OSCCTRL_XOSC1_Handler
                0x00000be8                PDEC_MC0_Handler
                0x00000be8                EIC_EXTINT_4_Handler
                0x00000be8                EIC_EXTINT_7_Handler
                0x00000be8                SERCOM0_OTHER_Handler
                0x00000be8                EVSYS_OTHER_Handler
                0x00000be8                SERCOM0_0_Handler
                0x00000be8                RTC_Handler
                0x00000be8                SERCOM4_0_Handler
                0x00000be8                TCC1_MC0_Handler
                0x00000be8                SERCOM1_OTHER_Handler
                0x00000be8                TCC2_OTHER_Handler
                0x00000be8                EIC_EXTINT_11_Handler
                0x00000be8                SUPC_BODDET_Handler
                0x00000be8                EIC_EXTINT_14_Handler
                0x00000be8                OSC32KCTRL_Handler
                0x00000be8                SERCOM6_2_Handler
                0x00000be8                EVSYS_1_Handler
                0x00000be8                TC6_Handler
                0x00000be8                TCC4_MC1_Handler
                0x00000be8                DMAC_0_Handler
                0x00000be8                SUPC_OTHER_Handler
                0x00000be8                WDT_Handler
                0x00000be8                CAN0_Handler
                0x00000be8                EIC_EXTINT_15_Handler
                0x00000be8                SERCOM6_0_Handler
                0x00000be8                EIC_EXTINT_1_Handler
                0x00000be8                TCC3_MC1_Handler
                0x00000be8                SERCOM5_0_Handler
                0x00000be8                TC4_Handler
                0x00000be8                TC1_Handler
                0x00000be8                TCC1_MC1_Handler
                0x00000be8                EIC_EXTINT_0_Handler
                0x00000be8                TCC1_OTHER_Handler
                0x00000be8                PAC_Handler
                0x00000be8                SERCOM4_1_Handler
                0x00000be8                TC3_Handler
                0x00000be8                Dummy_Handler
                0x00000be8                DAC_RESRDY_0_Handler
                0x00000be8                SERCOM5_1_Handler
                0x00000be8                DMAC_2_Handler
                0x00000be8                TCC0_MC4_Handler
                0x00000be8                USB_TRCPT1_Handler
                0x00000be8                SERCOM0_1_Handler
                0x00000be8                TCC0_MC3_Handler
                0x00000be8                EIC_EXTINT_12_Handler
                0x00000be8                OSCCTRL_DPLL0_Handler
                0x00000be8                SERCOM6_OTHER_Handler
                0x00000be8                SERCOM5_OTHER_Handler
                0x00000be8                PM_Handler
                0x00000be8                OSCCTRL_DFLL_Handler
                0x00000be8                DAC_RESRDY_1_Handler
                0x00000be8                DMAC_1_Handler
                0x00000be8                USB_OTHER_Handler
                0x00000be8                GMAC_Handler
                0x00000be8                SDHC1_Handler
                0x00000be8                CAN1_Handler
                0x00000be8                TCC0_OTHER_Handler
                0x00000be8                EIC_EXTINT_10_Handler
                0x00000be8                TCC1_MC3_Handler
                0x00000be8                OSCCTRL_XOSC0_Handler
                0x00000be8                SERCOM6_1_Handler
                0x00000be8                TCC0_MC0_Handler
                0x00000be8                EIC_EXTINT_2_Handler
                0x00000be8                SDHC0_Handler
                0x00000be8                SERCOM1_1_Handler
                0x00000be8                I2S_Handler
                0x00000be8                PCC_Handler
                0x00000be8                TCC3_OTHER_Handler
                0x00000be8                EIC_EXTINT_13_Handler
                0x00000be8                SERCOM1_0_Handler
                0x00000be8                PUKCC_Handler
                0x00000be8                SERCOM2_1_Handler
                0x00000be8                SERCOM1_2_Handler
                0x00000be8                SERCOM3_0_Handler
                0x00000be8                SERCOM4_2_Handler
                0x00000be8                TCC1_MC2_Handler
                0x00000be8                ADC1_RESRDY_Handler
                0x00000be8                NVMCTRL_1_Handler
                0x00000be8                SERCOM5_2_Handler
                0x00000be8                SERCOM2_2_Handler
                0x00000be8                DAC_EMPTY_1_Handler
                0x00000be8                ADC1_OTHER_Handler
                0x00000be8                OSCCTRL_DPLL1_Handler
                0x00000be8                EIC_EXTINT_3_Handler
                0x00000be8                SERCOM3_OTHER_Handler
                0x00000be8                EIC_EXTINT_8_Handler
                0x00000be8                NVMCTRL_0_Handler
                0x00000be8                ADC0_RESRDY_Handler
                0x00000be8                ADC0_OTHER_Handler
                0x00000be8                MCLK_Handler
                0x00000be8                EVSYS_2_Handler
                0x00000be8                SERCOM2_OTHER_Handler
                0x00000be8                FREQM_Handler
                0x00000be8                TCC0_MC1_Handler
                0x00000be8                DMAC_3_Handler
                0x00000be8                RAMECC_Handler
                0x00000be8                TC5_Handler
                0x00000be8                SERCOM2_0_Handler
                0x00000be8                AES_Handler
                0x00000be8                ICM_Handler
                0x00000be8                TCC0_MC2_Handler

.text.NonMaskableInt_Handler%32
                0x00000bec        0x4
 .text.NonMaskableInt_Handler
                0x00000bec        0x4 build/default/debug/_ext/1171490990/exceptions.o
                0x00000bec                NonMaskableInt_Handler

.text.HardFault_Handler%33
                0x00000bf0        0x4
 .text.HardFault_Handler
                0x00000bf0        0x4 build/default/debug/_ext/1171490990/exceptions.o
                0x00000bf0                HardFault_Handler

.text.DebugMonitor_Handler%34
                0x00000bf4        0x4
 .text.DebugMonitor_Handler
                0x00000bf4        0x4 build/default/debug/_ext/1171490990/exceptions.o
                0x00000bf4                DebugMonitor_Handler

.text.MemoryManagement_Handler%35
                0x00000bf8        0x4
 .text.MemoryManagement_Handler
                0x00000bf8        0x4 build/default/debug/_ext/1171490990/exceptions.o
                0x00000bf8                MemoryManagement_Handler

.text.BusFault_Handler%36
                0x00000bfc        0x4
 .text.BusFault_Handler
                0x00000bfc        0x4 build/default/debug/_ext/1171490990/exceptions.o
                0x00000bfc                BusFault_Handler

.text.UsageFault_Handler%37
                0x00000c00        0x4
 .text.UsageFault_Handler
                0x00000c00        0x4 build/default/debug/_ext/1171490990/exceptions.o
                0x00000c00                UsageFault_Handler

.text.EVSYS_Initialize%38
                0x00000b9a        0x2
 .text.EVSYS_Initialize
                0x00000b9a        0x2 build/default/debug/_ext/1986646378/plib_evsys.o
                0x00000b9a                EVSYS_Initialize
